{	{
BASE_TYPE	int
ID	b
;	;
ID	b
=	=
NUM	1
;	;
{	{
BASE_TYPE	int
ID	a
;	;
ID	a
=	=
NUM	2
;	;
DO	do
ID	a
=	=
ID	a
+	+
NUM	1
;	;
WHILE	while
(	(
ID	a
<	<
NUM	100
)	)
;	;
}	}
}	}
EOF	EOF
Process finished with exit code 0